2026-08-16 22:23:28.880 [restartedMain] INFO  com.sunrize.it.TechstackserviceApplication - Starting TechstackserviceApplication using Java 21.0.11 with PID 17016 (D:\GIT\Microservices\techstackservice\target\classes started by DHRUVA in D:\GIT\Microservices\techstackservice)
2026-08-16 22:23:28.893 [restartedMain] DEBUG com.sunrize.it.TechstackserviceApplication - Running with Spring Boot v4.1.0, Spring v7.0.8
2026-08-16 22:23:28.894 [restartedMain] INFO  com.sunrize.it.TechstackserviceApplication - No active profile set, falling back to 1 default profile: "default"
2026-08-16 22:23:29.276 [restartedMain] INFO  org.springframework.boot.devtools.restart.ChangeableUrls - The Class-Path manifest attribute in C:\Users\DHRUVA\.m2\repository\com\oracle\database\jdbc\ojdbc11\23.26.2.0.0\ojdbc11-23.26.2.0.0.jar referenced one or more files that do not exist: file:/C:/Users/DHRUVA/.m2/repository/com/oracle/database/jdbc/ojdbc11/23.26.2.0.0/oraclepki.jar
2026-08-16 22:23:29.278 [restartedMain] INFO  org.springframework.boot.devtools.env.DevToolsPropertyDefaultsPostProcessor - Devtools property defaults active! Set 'spring.devtools.add-properties' to 'false' to disable
2026-08-16 22:23:29.278 [restartedMain] INFO  org.springframework.boot.devtools.env.DevToolsPropertyDefaultsPostProcessor - For additional web related logging consider setting the 'logging.level.web' property to 'DEBUG'
2026-08-16 22:23:30.234 [restartedMain] INFO  org.springframework.data.repository.config.RepositoryConfigurationDelegate - Multiple Spring Data modules found, entering strict repository configuration mode
2026-08-16 22:23:30.249 [restartedMain] INFO  org.springframework.data.repository.config.RepositoryConfigurationDelegate - Bootstrapping Spring Data JPA repositories in DEFAULT mode.
2026-08-16 22:23:30.275 [restartedMain] INFO  org.springframework.data.repository.config.RepositoryConfigurationDelegate - Finished Spring Data repository scanning in 14 ms. Found 0 JPA repository interfaces.
2026-08-16 22:23:30.348 [restartedMain] INFO  org.springframework.data.repository.config.RepositoryConfigurationDelegate - Multiple Spring Data modules found, entering strict repository configuration mode
2026-08-16 22:23:30.351 [restartedMain] INFO  org.springframework.data.repository.config.RepositoryConfigurationDelegate - Bootstrapping Spring Data Redis repositories in DEFAULT mode.
2026-08-16 22:23:30.373 [restartedMain] INFO  org.springframework.data.repository.config.RepositoryConfigurationDelegate - Finished Spring Data repository scanning in 4 ms. Found 0 Redis repository interfaces.
2026-08-16 22:23:31.273 [restartedMain] INFO  org.springframework.boot.tomcat.TomcatWebServer - Tomcat initialized with port 8080 (http)
2026-08-16 22:23:31.292 [restartedMain] INFO  org.apache.coyote.http11.Http11NioProtocol - Initializing ProtocolHandler ["http-nio-8080"]
2026-08-16 22:23:31.295 [restartedMain] INFO  org.apache.catalina.core.StandardService - Starting service [Tomcat]
2026-08-16 22:23:31.295 [restartedMain] INFO  org.apache.catalina.core.StandardEngine - Starting Servlet engine: [Apache Tomcat/11.0.22]
2026-08-16 22:23:31.355 [restartedMain] INFO  org.springframework.boot.web.context.servlet.WebApplicationContextInitializer - Root WebApplicationContext: initialization completed in 2076 ms
2026-08-16 22:23:31.541 [restartedMain] INFO  com.zaxxer.hikari.HikariDataSource - HikariPool-1 - Starting...
2026-08-16 22:23:31.980 [restartedMain] INFO  com.zaxxer.hikari.pool.HikariPool - HikariPool-1 - Added connection conn0: url=jdbc:h2:mem:eaa49ee5-1b84-40a5-9d24-5aae203fc119 user=SA
2026-08-16 22:23:31.982 [restartedMain] INFO  com.zaxxer.hikari.HikariDataSource - HikariPool-1 - Start completed.
2026-08-16 22:23:32.023 [restartedMain] INFO  org.hibernate.orm.jpa - HHH008540: Processing PersistenceUnitInfo [name: default]
2026-08-16 22:23:32.080 [restartedMain] INFO  org.hibernate.orm.core - HHH000001: Hibernate ORM core version 7.4.1.Final
2026-08-16 22:23:32.589 [restartedMain] INFO  org.springframework.orm.jpa.persistenceunit.SpringPersistenceUnitInfo - No LoadTimeWeaver setup: ignoring JPA class transformer
2026-08-16 22:23:32.680 [restartedMain] INFO  org.hibernate.orm.connections.pooling - HHH10001005: Database info:
	Database JDBC URL [jdbc:h2:mem:eaa49ee5-1b84-40a5-9d24-5aae203fc119]
	Database driver: H2 JDBC Driver
	Database dialect: H2Dialect
	Database version: 2.4.240
	Default catalog/schema: EAA49EE5-1B84-40A5-9D24-5AAE203FC119/PUBLIC
	Autocommit mode: undefined/unknown
	Isolation level: READ_COMMITTED [default READ_COMMITTED]
	JDBC fetch size: 100
	Pool: DataSourceConnectionProvider
	Minimum pool size: undefined/unknown
	Maximum pool size: undefined/unknown
2026-08-16 22:23:33.179 [restartedMain] INFO  org.hibernate.orm.core - HHH000489: No JTA platform available (set 'hibernate.transaction.jta.platform' to enable JTA platform integration)
2026-08-16 22:23:33.260 [restartedMain] INFO  org.springframework.orm.jpa.LocalContainerEntityManagerFactoryBean - Initialized JPA EntityManagerFactory for persistence unit 'default'
2026-08-16 22:23:33.929 [restartedMain] WARN  org.springframework.boot.jpa.autoconfigure.JpaBaseConfiguration$JpaWebConfiguration - spring.jpa.open-in-view is enabled by default. Therefore, database queries may be performed during view rendering. Explicitly configure spring.jpa.open-in-view to disable this warning
2026-08-16 22:23:34.495 [restartedMain] INFO  org.springframework.boot.h2console.autoconfigure.H2ConsoleAutoConfiguration - H2 console available at '/h2-console'. Database available at 'jdbc:h2:mem:eaa49ee5-1b84-40a5-9d24-5aae203fc119'
2026-08-16 22:23:34.651 [restartedMain] INFO  org.apache.coyote.http11.Http11NioProtocol - Starting ProtocolHandler ["http-nio-8080"]
2026-08-16 22:23:34.719 [restartedMain] INFO  org.springframework.boot.tomcat.TomcatWebServer - Tomcat started on port 8080 (http) with context path '/'
2026-08-16 22:23:34.729 [restartedMain] INFO  com.sunrize.it.TechstackserviceApplication - Started TechstackserviceApplication in 6.694 seconds (process running for 7.435)
2026-08-16 22:23:58.689 [http-nio-8080-exec-1] INFO  org.apache.catalina.core.ContainerBase.[Tomcat].[localhost].[/] - Initializing Spring DispatcherServlet 'dispatcherServlet'
2026-08-16 22:23:58.700 [http-nio-8080-exec-1] INFO  org.springframework.web.servlet.DispatcherServlet - Initializing Servlet 'dispatcherServlet'
2026-08-16 22:23:58.704 [http-nio-8080-exec-1] INFO  org.springframework.web.servlet.DispatcherServlet - Completed initialization in 4 ms
2026-08-16 22:23:58.927 [http-nio-8080-exec-1] INFO  com.sunrize.it.kafka.KafkaController - Received GET request to publish message to Kafka: 'HelloLocalKafka'
2026-08-16 22:23:58.927 [http-nio-8080-exec-1] INFO  com.sunrize.it.kafka.KafkaProducerService - Sending message to Kafka Topic 'practice-topic': HelloLocalKafka
2026-08-16 22:23:59.003 [http-nio-8080-exec-1] INFO  org.apache.kafka.common.config.AbstractConfig - ProducerConfig values: 
	acks = -1
	batch.size = 16384
	bootstrap.servers = [localhost:9092]
	buffer.memory = 33554432
	client.dns.lookup = use_all_dns_ips
	client.id = techstackservice-producer-1
	compression.gzip.level = -1
	compression.lz4.level = 9
	compression.type = none
	compression.zstd.level = 3
	config.providers = []
	connections.max.idle.ms = 540000
	delivery.timeout.ms = 120000
	enable.idempotence = true
	enable.metrics.push = true
	interceptor.classes = []
	key.serializer = class org.apache.kafka.common.serialization.StringSerializer
	linger.ms = 5
	max.block.ms = 60000
	max.in.flight.requests.per.connection = 5
	max.request.size = 1048576
	metadata.max.age.ms = 300000
	metadata.max.idle.ms = 300000
	metadata.recovery.rebootstrap.trigger.ms = 300000
	metadata.recovery.strategy = rebootstrap
	metric.reporters = [org.apache.kafka.common.metrics.JmxReporter]
	metrics.num.samples = 2
	metrics.recording.level = INFO
	metrics.sample.window.ms = 30000
	partitioner.adaptive.partitioning.enable = true
	partitioner.availability.timeout.ms = 0
	partitioner.class = null
	partitioner.ignore.keys = false
	receive.buffer.bytes = 32768
	reconnect.backoff.max.ms = 1000
	reconnect.backoff.ms = 50
	request.timeout.ms = 30000
	retries = 2147483647
	retry.backoff.max.ms = 1000
	retry.backoff.ms = 100
	sasl.client.callback.handler.class = null
	sasl.jaas.config = null
	sasl.kerberos.kinit.cmd = /usr/bin/kinit
	sasl.kerberos.min.time.before.relogin = 60000
	sasl.kerberos.service.name = null
	sasl.kerberos.ticket.renew.jitter = 0.05
	sasl.kerberos.ticket.renew.window.factor = 0.8
	sasl.login.callback.handler.class = null
	sasl.login.class = null
	sasl.login.connect.timeout.ms = null
	sasl.login.read.timeout.ms = null
	sasl.login.refresh.buffer.seconds = 300
	sasl.login.refresh.min.period.seconds = 60
	sasl.login.refresh.window.factor = 0.8
	sasl.login.refresh.window.jitter = 0.05
	sasl.login.retry.backoff.max.ms = 10000
	sasl.login.retry.backoff.ms = 100
	sasl.mechanism = GSSAPI
	sasl.oauthbearer.assertion.algorithm = RS256
	sasl.oauthbearer.assertion.claim.aud = null
	sasl.oauthbearer.assertion.claim.exp.seconds = 300
	sasl.oauthbearer.assertion.claim.iss = null
	sasl.oauthbearer.assertion.claim.jti.include = false
	sasl.oauthbearer.assertion.claim.nbf.seconds = 60
	sasl.oauthbearer.assertion.claim.sub = null
	sasl.oauthbearer.assertion.file = null
	sasl.oauthbearer.assertion.private.key.file = null
	sasl.oauthbearer.assertion.private.key.passphrase = null
	sasl.oauthbearer.assertion.template.file = null
	sasl.oauthbearer.client.credentials.client.id = null
	sasl.oauthbearer.client.credentials.client.secret = null
	sasl.oauthbearer.clock.skew.seconds = 30
	sasl.oauthbearer.expected.audience = []
	sasl.oauthbearer.expected.issuer = null
	sasl.oauthbearer.header.urlencode = false
	sasl.oauthbearer.jwks.endpoint.refresh.ms = 3600000
	sasl.oauthbearer.jwks.endpoint.retry.backoff.max.ms = 10000
	sasl.oauthbearer.jwks.endpoint.retry.backoff.ms = 100
	sasl.oauthbearer.jwks.endpoint.url = null
	sasl.oauthbearer.jwt.retriever.class = class org.apache.kafka.common.security.oauthbearer.DefaultJwtRetriever
	sasl.oauthbearer.jwt.validator.class = class org.apache.kafka.common.security.oauthbearer.DefaultJwtValidator
	sasl.oauthbearer.scope = null
	sasl.oauthbearer.scope.claim.name = scope
	sasl.oauthbearer.sub.claim.name = sub
	sasl.oauthbearer.token.endpoint.url = null
	security.protocol = PLAINTEXT
	security.providers = null
	send.buffer.bytes = 131072
	socket.connection.setup.timeout.max.ms = 30000
	socket.connection.setup.timeout.ms = 10000
	ssl.cipher.suites = []
	ssl.enabled.protocols = [TLSv1.2, TLSv1.3]
	ssl.endpoint.identification.algorithm = https
	ssl.engine.factory.class = null
	ssl.key.password = null
	ssl.keymanager.algorithm = SunX509
	ssl.keystore.certificate.chain = null
	ssl.keystore.key = null
	ssl.keystore.location = null
	ssl.keystore.password = null
	ssl.keystore.type = JKS
	ssl.protocol = TLSv1.3
	ssl.provider = null
	ssl.secure.random.implementation = null
	ssl.trustmanager.algorithm = PKIX
	ssl.truststore.certificates = null
	ssl.truststore.location = null
	ssl.truststore.password = null
	ssl.truststore.type = JKS
	transaction.timeout.ms = 60000
	transaction.two.phase.commit.enable = false
	transactional.id = null
	value.serializer = class org.apache.kafka.common.serialization.StringSerializer

2026-08-16 22:23:59.100 [http-nio-8080-exec-1] INFO  org.apache.kafka.common.telemetry.internals.KafkaMetricsCollector - initializing Kafka metrics collector
2026-08-16 22:23:59.134 [http-nio-8080-exec-1] INFO  org.apache.kafka.clients.producer.KafkaProducer - [Producer clientId=techstackservice-producer-1] Instantiated an idempotent producer.
2026-08-16 22:23:59.418 [http-nio-8080-exec-1] INFO  org.apache.kafka.common.utils.AppInfoParser - Kafka version: 4.2.1
2026-08-16 22:23:59.418 [http-nio-8080-exec-1] INFO  org.apache.kafka.common.utils.AppInfoParser - Kafka commitId: 92f61c44867f39dc
2026-08-16 22:23:59.418 [http-nio-8080-exec-1] INFO  org.apache.kafka.common.utils.AppInfoParser - Kafka startTimeMs: 1786899239411
2026-08-16 22:24:00.525 [kafka-producer-network-thread | techstackservice-producer-1] INFO  org.apache.kafka.clients.Metadata - [Producer clientId=techstackservice-producer-1] Cluster ID: 5L6g3nShT-eMCtK--X86sw
2026-08-16 22:24:00.560 [http-nio-8080-exec-1] DEBUG com.sunrize.it.kafka.KafkaProducerService - Message sent successfully to topic: practice-topic
2026-08-16 22:24:00.652 [kafka-producer-network-thread | techstackservice-producer-1] INFO  org.apache.kafka.clients.producer.internals.TransactionManager - [Producer clientId=techstackservice-producer-1] ProducerId set to 1000 with epoch 0
2026-08-16 22:24:53.864 [http-nio-8080-exec-2] INFO  com.sunrize.it.kafka.KafkaController - Received GET request to publish message to Kafka: 'HelloLocalKafkawelcome2 my world'
2026-08-16 22:24:53.864 [http-nio-8080-exec-2] INFO  com.sunrize.it.kafka.KafkaProducerService - Sending message to Kafka Topic 'practice-topic': HelloLocalKafkawelcome2 my world
2026-08-16 22:24:53.869 [http-nio-8080-exec-2] DEBUG com.sunrize.it.kafka.KafkaProducerService - Message sent successfully to topic: practice-topic
2026-08-16 22:26:46.078 [http-nio-8080-exec-5] INFO  com.sunrize.it.kafka.KafkaController - Received GET request to publish message to Kafka: 'madhu2 my world'
2026-08-16 22:26:46.078 [http-nio-8080-exec-5] INFO  com.sunrize.it.kafka.KafkaProducerService - Sending message to Kafka Topic 'practice-topic': madhu2 my world
2026-08-16 22:26:46.078 [http-nio-8080-exec-5] DEBUG com.sunrize.it.kafka.KafkaProducerService - Message sent successfully to topic: practice-topic
2026-08-16 22:39:21.070 [HikariPool-1:housekeeper] WARN  com.zaxxer.hikari.pool.HikariPool - HikariPool-1 - Thread starvation or clock leap detected (housekeeper delta=48s718ms245µs).
